main.c:186:5:main	24	static
main.c:533:6:SystemClock_Config	88	static
main.c:578:6:resetFaults	8	static
main.c:604:6:autoShutdown	16	static
main.c:631:6:manualMode	8	static
main.c:651:6:evseread	16	static
main.c:705:6:EEPROM_Read	24	static
main.c:725:6:EEPROM_Write	24	static
main.c:744:6:Can_Init	8	static
main.c:763:6:CAN_FilterConfig	48	static
main.c:782:1:__io_putchar	16	static
main.c:791:6:candecode	32	static
main.c:960:6:menu	16	static
main.c:1201:10:millis	8	static
main.c:1204:10:micros	16	static
main.c:1209:6:delay	16	static
main.c:1213:6:Charger_msgs	16	static
main.c:1277:6:Pilotcalc	8	static
main.c:1290:6:ACcurrentlimit	16	static
main.c:1364:6:DCcurrentlimit	24	static
main.c:1383:6:HAL_GPIO_EXTI_Callback	16	static
main.c:1388:6:HAL_TIM_PeriodElapsedCallback	80	static
main.c:1402:6:Error_Handler	4	static
