Archive member included to satisfy reference by file (symbol)

c:/st/stm32cubeide_1.1.0/stm32cubeide/plugins/com.st.stm32cube.ide.mcu.externaltools.gnu-tools-for-stm32.7-2018-q2-update.win32_1.0.0.201904181610/tools/bin/../lib/gcc/arm-none-eabi/7.3.1/../../../../arm-none-eabi/lib/thumb/v7-m\libc_nano.a(lib_a-errno.o)
                              Core/Src/syscalls.o (__errno)
c:/st/stm32cubeide_1.1.0/stm32cubeide/plugins/com.st.stm32cube.ide.mcu.externaltools.gnu-tools-for-stm32.7-2018-q2-update.win32_1.0.0.201904181610/tools/bin/../lib/gcc/arm-none-eabi/7.3.1/../../../../arm-none-eabi/lib/thumb/v7-m\libc_nano.a(lib_a-exit.o)
                              c:/st/stm32cubeide_1.1.0/stm32cubeide/plugins/com.st.stm32cube.ide.mcu.externaltools.gnu-tools-for-stm32.7-2018-q2-update.win32_1.0.0.201904181610/tools/bin/../lib/gcc/arm-none-eabi/7.3.1/../../../../arm-none-eabi/lib/thumb/v7-m/crt0.o (exit)
c:/st/stm32cubeide_1.1.0/stm32cubeide/plugins/com.st.stm32cube.ide.mcu.externaltools.gnu-tools-for-stm32.7-2018-q2-update.win32_1.0.0.201904181610/tools/bin/../lib/gcc/arm-none-eabi/7.3.1/../../../../arm-none-eabi/lib/thumb/v7-m\libc_nano.a(lib_a-impure.o)
                              c:/st/stm32cubeide_1.1.0/stm32cubeide/plugins/com.st.stm32cube.ide.mcu.externaltools.gnu-tools-for-stm32.7-2018-q2-update.win32_1.0.0.201904181610/tools/bin/../lib/gcc/arm-none-eabi/7.3.1/../../../../arm-none-eabi/lib/thumb/v7-m\libc_nano.a(lib_a-exit.o) (_global_impure_ptr)
c:/st/stm32cubeide_1.1.0/stm32cubeide/plugins/com.st.stm32cube.ide.mcu.externaltools.gnu-tools-for-stm32.7-2018-q2-update.win32_1.0.0.201904181610/tools/bin/../lib/gcc/arm-none-eabi/7.3.1/../../../../arm-none-eabi/lib/thumb/v7-m\libc_nano.a(lib_a-init.o)
                              c:/st/stm32cubeide_1.1.0/stm32cubeide/plugins/com.st.stm32cube.ide.mcu.externaltools.gnu-tools-for-stm32.7-2018-q2-update.win32_1.0.0.201904181610/tools/bin/../lib/gcc/arm-none-eabi/7.3.1/../../../../arm-none-eabi/lib/thumb/v7-m/crt0.o (__libc_init_array)
c:/st/stm32cubeide_1.1.0/stm32cubeide/plugins/com.st.stm32cube.ide.mcu.externaltools.gnu-tools-for-stm32.7-2018-q2-update.win32_1.0.0.201904181610/tools/bin/../lib/gcc/arm-none-eabi/7.3.1/../../../../arm-none-eabi/lib/thumb/v7-m\libc_nano.a(lib_a-memset.o)
                              c:/st/stm32cubeide_1.1.0/stm32cubeide/plugins/com.st.stm32cube.ide.mcu.externaltools.gnu-tools-for-stm32.7-2018-q2-update.win32_1.0.0.201904181610/tools/bin/../lib/gcc/arm-none-eabi/7.3.1/../../../../arm-none-eabi/lib/thumb/v7-m/crt0.o (memset)

Allocating common symbols
Common symbol       size              file

activemodules       0x4               Core/Src/main.o
tlast               0x4               Core/Src/main.o
huart3              0x40              Core/Src/usart.o
hcan                0x28              Core/Src/can.o
uwTick              0x4               Drivers/STM32F1xx_HAL_Driver/Src/stm32f1xx_hal.o
pFlash              0x20              Drivers/STM32F1xx_HAL_Driver/Src/stm32f1xx_hal_flash.o
state               0x4               Core/Src/main.o
slavetimeout        0x4               Core/Src/main.o
hadc1               0x30              Core/Src/adc.o
huart1              0x40              Core/Src/usart.o
tpause              0x4               Core/Src/main.o
hrtc                0x14              Core/Src/rtc.o
parameters          0x18              Core/Src/main.o
tcan                0x4               Core/Src/main.o
timehigh            0x2               Core/Src/main.o
bChargerEnabled     0x1               Core/Src/main.o
modulelimcur        0x2               Core/Src/main.o
hpcd_USB_FS         0x26c             Core/Src/usb.o

Discarded input sections

 .text          0x0000000000000000        0x0 c:/st/stm32cubeide_1.1.0/stm32cubeide/plugins/com.st.stm32cube.ide.mcu.externaltools.gnu-tools-for-stm32.7-2018-q2-update.win32_1.0.0.201904181610/tools/bin/../lib/gcc/arm-none-eabi/7.3.1/thumb/v7-m/crti.o
 .data          0x0000000000000000        0x0 c:/st/stm32cubeide_1.1.0/stm32cubeide/plugins/com.st.stm32cube.ide.mcu.externaltools.gnu-tools-for-stm32.7-2018-q2-update.win32_1.0.0.201904181610/tools/bin/../lib/gcc/arm-none-eabi/7.3.1/thumb/v7-m/crti.o
 .bss           0x0000000000000000        0x0 c:/st/stm32cubeide_1.1.0/stm32cubeide/plugins/com.st.stm32cube.ide.mcu.externaltools.gnu-tools-for-stm32.7-2018-q2-update.win32_1.0.0.201904181610/tools/bin/../lib/gcc/arm-none-eabi/7.3.1/thumb/v7-m/crti.o
 .data          0x0000000000000000        0x4 c:/st/stm32cubeide_1.1.0/stm32cubeide/plugins/com.st.stm32cube.ide.mcu.externaltools.gnu-tools-for-stm32.7-2018-q2-update.win32_1.0.0.201904181610/tools/bin/../lib/gcc/arm-none-eabi/7.3.1/thumb/v7-m/crtbegin.o
 .text          0x0000000000000000       0x74 c:/st/stm32cubeide_1.1.0/stm32cubeide/plugins/com.st.stm32cube.ide.mcu.externaltools.gnu-tools-for-stm32.7-2018-q2-update.win32_1.0.0.201904181610/tools/bin/../lib/gcc/arm-none-eabi/7.3.1/../../../../arm-none-eabi/lib/thumb/v7-m/crt0.o
[...]
Memory Configuration

Name             Origin             Length             Attributes
RAM              0x0000000020000000 0x0000000000005000 xrw
FLASH            0x0000000008000000 0x0000000000010000 xr
*default*        0x0000000000000000 0xffffffffffffffff

Linker script and memory map

LOAD c:/st/stm32cubeide_1.1.0/stm32cubeide/plugins/com.st.stm32cube.ide.mcu.externaltools.gnu-tools-for-stm32.7-2018-q2-update.win32_1.0.0.201904181610/tools/bin/../lib/gcc/arm-none-eabi/7.3.1/thumb/v7-m/crti.o
LOAD c:/st/stm32cubeide_1.1.0/stm32cubeide/plugins/com.st.stm32cube.ide.mcu.externaltools.gnu-tools-for-stm32.7-2018-q2-update.win32_1.0.0.201904181610/tools/bin/../lib/gcc/arm-none-eabi/7.3.1/thumb/v7-m/crtbegin.o
LOAD c:/st/stm32cubeide_1.1.0/stm32cubeide/plugins/com.st.stm32cube.ide.mcu.externaltools.gnu-tools-for-stm32.7-2018-q2-update.win32_1.0.0.201904181610/tools/bin/../lib/gcc/arm-none-eabi/7.3.1/../../../../arm-none-eabi/lib/thumb/v7-m/crt0.o
LOAD Core/Src/adc.o
LOAD Core/Src/can.o
LOAD Core/Src/eeprom.o
LOAD Core/Src/gpio.o
LOAD Core/Src/main.o
LOAD Core/Src/rtc.o
LOAD Core/Src/stm32f1xx_hal_msp.o
LOAD Core/Src/stm32f1xx_it.o
LOAD Core/Src/sys.o
LOAD Core/Src/syscalls.o
LOAD Core/Src/sysmem.o
LOAD Core/Src/system_stm32f1xx.o
LOAD Core/Src/usart.o
LOAD Core/Src/usb.o
LOAD Core/Startup/startup_stm32f103c8tx.o
LOAD Drivers/STM32F1xx_HAL_Driver/Src/stm32f1xx_hal.o
LOAD Drivers/STM32F1xx_HAL_Driver/Src/stm32f1xx_hal_adc.o
LOAD Drivers/STM32F1xx_HAL_Driver/Src/stm32f1xx_hal_adc_ex.o
LOAD Drivers/STM32F1xx_HAL_Driver/Src/stm32f1xx_hal_can.o
LOAD Drivers/STM32F1xx_HAL_Driver/Src/stm32f1xx_hal_cortex.o
LOAD Drivers/STM32F1xx_HAL_Driver/Src/stm32f1xx_hal_dma.o
LOAD Drivers/STM32F1xx_HAL_Driver/Src/stm32f1xx_hal_exti.o
LOAD Drivers/STM32F1xx_HAL_Driver/Src/stm32f1xx_hal_flash.o
LOAD Drivers/STM32F1xx_HAL_Driver/Src/stm32f1xx_hal_flash_ex.o
LOAD Drivers/STM32F1xx_HAL_Driver/Src/stm32f1xx_hal_gpio.o
LOAD Drivers/STM32F1xx_HAL_Driver/Src/stm32f1xx_hal_gpio_ex.o
LOAD Drivers/STM32F1xx_HAL_Driver/Src/stm32f1xx_hal_pcd.o
LOAD Drivers/STM32F1xx_HAL_Driver/Src/stm32f1xx_hal_pcd_ex.o
LOAD Drivers/STM32F1xx_HAL_Driver/Src/stm32f1xx_hal_pwr.o
LOAD Drivers/STM32F1xx_HAL_Driver/Src/stm32f1xx_hal_rcc.o
LOAD Drivers/STM32F1xx_HAL_Driver/Src/stm32f1xx_hal_rcc_ex.o
LOAD Drivers/STM32F1xx_HAL_Driver/Src/stm32f1xx_hal_rtc.o
LOAD Drivers/STM32F1xx_HAL_Driver/Src/stm32f1xx_hal_rtc_ex.o
LOAD Drivers/STM32F1xx_HAL_Driver/Src/stm32f1xx_hal_tim.o
LOAD Drivers/STM32F1xx_HAL_Driver/Src/stm32f1xx_hal_tim_ex.o
LOAD Drivers/STM32F1xx_HAL_Driver/Src/stm32f1xx_hal_uart.o
LOAD Drivers/STM32F1xx_HAL_Driver/Src/stm32f1xx_ll_usb.o
START GROUP
LOAD c:/st/stm32cubeide_1.1.0/stm32cubeide/plugins/com.st.stm32cube.ide.mcu.externaltools.gnu-tools-for-stm32.7-2018-q2-update.win32_1.0.0.201904181610/tools/bin/../lib/gcc/arm-none-eabi/7.3.1/../../../../arm-none-eabi/lib/thumb/v7-m\libc_nano.a
LOAD c:/st/stm32cubeide_1.1.0/stm32cubeide/plugins/com.st.stm32cube.ide.mcu.externaltools.gnu-tools-for-stm32.7-2018-q2-update.win32_1.0.0.201904181610/tools/bin/../lib/gcc/arm-none-eabi/7.3.1/../../../../arm-none-eabi/lib/thumb/v7-m\libm.a
END GROUP
START GROUP
LOAD c:/st/stm32cubeide_1.1.0/stm32cubeide/plugins/com.st.stm32cube.ide.mcu.externaltools.gnu-tools-for-stm32.7-2018-q2-update.win32_1.0.0.201904181610/tools/bin/../lib/gcc/arm-none-eabi/7.3.1/thumb/v7-m\libgcc.a
LOAD c:/st/stm32cubeide_1.1.0/stm32cubeide/plugins/com.st.stm32cube.ide.mcu.externaltools.gnu-tools-for-stm32.7-2018-q2-update.win32_1.0.0.201904181610/tools/bin/../lib/gcc/arm-none-eabi/7.3.1/../../../../arm-none-eabi/lib/thumb/v7-m\libc_nano.a
END GROUP
START GROUP
LOAD c:/st/stm32cubeide_1.1.0/stm32cubeide/plugins/com.st.stm32cube.ide.mcu.externaltools.gnu-tools-for-stm32.7-2018-q2-update.win32_1.0.0.201904181610/tools/bin/../lib/gcc/arm-none-eabi/7.3.1/thumb/v7-m\libgcc.a
LOAD c:/st/stm32cubeide_1.1.0/stm32cubeide/plugins/com.st.stm32cube.ide.mcu.externaltools.gnu-tools-for-stm32.7-2018-q2-update.win32_1.0.0.201904181610/tools/bin/../lib/gcc/arm-none-eabi/7.3.1/../../../../arm-none-eabi/lib/thumb/v7-m\libc_nano.a
LOAD c:/st/stm32cubeide_1.1.0/stm32cubeide/plugins/com.st.stm32cube.ide.mcu.externaltools.gnu-tools-for-stm32.7-2018-q2-update.win32_1.0.0.201904181610/tools/bin/../lib/gcc/arm-none-eabi/7.3.1/../../../../arm-none-eabi/lib/thumb/v7-m\libnosys.a
END GROUP
START GROUP
LOAD c:/st/stm32cubeide_1.1.0/stm32cubeide/plugins/com.st.stm32cube.ide.mcu.externaltools.gnu-tools-for-stm32.7-2018-q2-update.win32_1.0.0.201904181610/tools/bin/../lib/gcc/arm-none-eabi/7.3.1/thumb/v7-m\libgcc.a
LOAD c:/st/stm32cubeide_1.1.0/stm32cubeide/plugins/com.st.stm32cube.ide.mcu.externaltools.gnu-tools-for-stm32.7-2018-q2-update.win32_1.0.0.201904181610/tools/bin/../lib/gcc/arm-none-eabi/7.3.1/../../../../arm-none-eabi/lib/thumb/v7-m\libc_nano.a
LOAD c:/st/stm32cubeide_1.1.0/stm32cubeide/plugins/com.st.stm32cube.ide.mcu.externaltools.gnu-tools-for-stm32.7-2018-q2-update.win32_1.0.0.201904181610/tools/bin/../lib/gcc/arm-none-eabi/7.3.1/../../../../arm-none-eabi/lib/thumb/v7-m\libnosys.a
END GROUP
LOAD c:/st/stm32cubeide_1.1.0/stm32cubeide/plugins/com.st.stm32cube.ide.mcu.externaltools.gnu-tools-for-stm32.7-2018-q2-update.win32_1.0.0.201904181610/tools/bin/../lib/gcc/arm-none-eabi/7.3.1/thumb/v7-m/crtend.o
LOAD c:/st/stm32cubeide_1.1.0/stm32cubeide/plugins/com.st.stm32cube.ide.mcu.externaltools.gnu-tools-for-stm32.7-2018-q2-update.win32_1.0.0.201904181610/tools/bin/../lib/gcc/arm-none-eabi/7.3.1/thumb/v7-m/crtn.o
                0x0000000020005000                _estack = (ORIGIN (RAM) + LENGTH (RAM))
                0x0000000000000200                _Min_Heap_Size = 0x200
                0x0000000000000400                _Min_Stack_Size = 0x400

.isr_vector     0x0000000008000000      0x10c
                0x0000000008000000                . = ALIGN (0x4)
 *(.isr_vector)
 .isr_vector    0x0000000008000000      0x10c Core/Startup/startup_stm32f103c8tx.o
                0x0000000008000000                g_pfnVectors
                0x000000000800010c                . = ALIGN (0x4)

.text           0x000000000800010c     0x2558
                0x000000000800010c                . = ALIGN (0x4)
 *(.text)
 .text          0x000000000800010c       0x40 c:/st/stm32cubeide_1.1.0/stm32cubeide/plugins/com.st.stm32cube.ide.mcu.externaltools.gnu-tools-for-stm32.7-2018-q2-update.win32_1.0.0.201904181610/tools/bin/../lib/gcc/arm-none-eabi/7.3.1/thumb/v7-m/crtbegin.o
 *(.text*)
 .text.MX_ADC1_Init
                0x000000000800014c       0x78 Core/Src/adc.o
                0x000000000800014c                MX_ADC1_Init
 .text.HAL_ADC_MspInit
                0x00000000080001c4       0x60 Core/Src/adc.o
                0x00000000080001c4                HAL_ADC_MspInit
 .text.MX_CAN_Init
                0x0000000008000224       0x3c Core/Src/can.o
                0x0000000008000224                MX_CAN_Init
 .text.HAL_CAN_MspInit
                0x0000000008000260       0x8c Core/Src/can.o
                0x0000000008000260                HAL_CAN_MspInit
 .text.EE_Init  0x00000000080002ec      0x3f0 Core/Src/eeprom.o
                0x00000000080002ec                EE_Init
 .text.EE_ReadVariable
                0x00000000080006dc       0x74 Core/Src/eeprom.o
                0x00000000080006dc                EE_ReadVariable
 .text.MX_GPIO_Init
                0x0000000008000750      0x100 Core/Src/gpio.o
                0x0000000008000750                MX_GPIO_Init
 .text.SystemClock_Config
                0x0000000008000850       0x74 Core/Src/main.o
                0x0000000008000850                SystemClock_Config
 .text.EEPROM_Read
                0x00000000080008c4       0x98 Core/Src/main.o
                0x00000000080008c4                EEPROM_Read
 .text.startup.main
                0x000000000800095c       0x84 Core/Src/main.o
                0x000000000800095c                main
 .text.Error_Handler
                0x00000000080009e0        0x4 Core/Src/main.o
                0x00000000080009e0                Error_Handler
 .text.MX_RTC_Init
                0x00000000080009e4       0x74 Core/Src/rtc.o
                0x00000000080009e4                MX_RTC_Init
 .text.HAL_RTC_MspInit
                0x0000000008000a58       0x40 Core/Src/rtc.o
                0x0000000008000a58                HAL_RTC_MspInit
 .text.HAL_MspInit
                0x0000000008000a98       0x44 Core/Src/stm32f1xx_hal_msp.o
                0x0000000008000a98                HAL_MspInit
 .text.NMI_Handler
                0x0000000008000adc        0x4 Core/Src/stm32f1xx_it.o
                0x0000000008000adc                NMI_Handler
 .text.HardFault_Handler
                0x0000000008000ae0        0x4 Core/Src/stm32f1xx_it.o
                0x0000000008000ae0                HardFault_Handler
 .text.MemManage_Handler
                0x0000000008000ae4        0x4 Core/Src/stm32f1xx_it.o
                0x0000000008000ae4                MemManage_Handler
 .text.BusFault_Handler
                0x0000000008000ae8        0x4 Core/Src/stm32f1xx_it.o
                0x0000000008000ae8                BusFault_Handler
 .text.UsageFault_Handler
                0x0000000008000aec        0x4 Core/Src/stm32f1xx_it.o
                0x0000000008000aec                UsageFault_Handler
 .text.SVC_Handler
                0x0000000008000af0        0x4 Core/Src/stm32f1xx_it.o
                0x0000000008000af0                SVC_Handler
 .text.DebugMon_Handler
                0x0000000008000af4        0x4 Core/Src/stm32f1xx_it.o
                0x0000000008000af4                DebugMon_Handler
 .text.PendSV_Handler
                0x0000000008000af8        0x4 Core/Src/stm32f1xx_it.o
                0x0000000008000af8                PendSV_Handler
 .text.SysTick_Handler
                0x0000000008000afc        0x4 Core/Src/stm32f1xx_it.o
                0x0000000008000afc                SysTick_Handler
 .text.SystemInit
                0x0000000008000b00       0x50 Core/Src/system_stm32f1xx.o
                0x0000000008000b00                SystemInit
 .text.MX_USART1_UART_Init
                0x0000000008000b50       0x38 Core/Src/usart.o
                0x0000000008000b50                MX_USART1_UART_Init
 .text.MX_USART3_UART_Init
                0x0000000008000b88       0x38 Core/Src/usart.o
                0x0000000008000b88                MX_USART3_UART_Init
 .text.HAL_UART_MspInit
                0x0000000008000bc0       0xd8 Core/Src/usart.o
                0x0000000008000bc0                HAL_UART_MspInit
 .text.MX_USB_PCD_Init
                0x0000000008000c98       0x34 Core/Src/usb.o
                0x0000000008000c98                MX_USB_PCD_Init
 .text.HAL_PCD_MspInit
                0x0000000008000ccc       0x2c Core/Src/usb.o
                0x0000000008000ccc                HAL_PCD_MspInit
 .text.Reset_Handler
                0x0000000008000cf8       0x48 Core/Startup/startup_stm32f103c8tx.o
                0x0000000008000cf8                Reset_Handler
 .text.Default_Handler
                0x0000000008000d40        0x2 Core/Startup/startup_stm32f103c8tx.o
                0x0000000008000d40                RTC_Alarm_IRQHandler
                0x0000000008000d40                EXTI2_IRQHandler
                0x0000000008000d40                TIM1_CC_IRQHandler
                0x0000000008000d40                PVD_IRQHandler
                0x0000000008000d40                EXTI3_IRQHandler
                0x0000000008000d40                EXTI0_IRQHandler
                0x0000000008000d40                I2C2_EV_IRQHandler
                0x0000000008000d40                ADC1_2_IRQHandler
                0x0000000008000d40                SPI1_IRQHandler
                0x0000000008000d40                TAMPER_IRQHandler
                0x0000000008000d40                DMA1_Channel4_IRQHandler
                0x0000000008000d40                USART3_IRQHandler
                0x0000000008000d40                RTC_IRQHandler
                0x0000000008000d40                DMA1_Channel7_IRQHandler
                0x0000000008000d40                CAN1_RX1_IRQHandler
                0x0000000008000d40                TIM4_IRQHandler
                0x0000000008000d40                I2C1_EV_IRQHandler
                0x0000000008000d40                DMA1_Channel6_IRQHandler
                0x0000000008000d40                TIM3_IRQHandler
                0x0000000008000d40                RCC_IRQHandler
                0x0000000008000d40                TIM1_TRG_COM_IRQHandler
                0x0000000008000d40                DMA1_Channel1_IRQHandler
                0x0000000008000d40                Default_Handler
                0x0000000008000d40                EXTI15_10_IRQHandler
                0x0000000008000d40                EXTI9_5_IRQHandler
                0x0000000008000d40                SPI2_IRQHandler
                0x0000000008000d40                DMA1_Channel5_IRQHandler
                0x0000000008000d40                EXTI4_IRQHandler
                0x0000000008000d40                USB_LP_CAN1_RX0_IRQHandler
                0x0000000008000d40                USB_HP_CAN1_TX_IRQHandler
                0x0000000008000d40                DMA1_Channel3_IRQHandler
                0x0000000008000d40                TIM1_UP_IRQHandler
                0x0000000008000d40                WWDG_IRQHandler
                0x0000000008000d40                TIM2_IRQHandler
                0x0000000008000d40                TIM1_BRK_IRQHandler
                0x0000000008000d40                EXTI1_IRQHandler
                0x0000000008000d40                USART2_IRQHandler
                0x0000000008000d40                I2C2_ER_IRQHandler
                0x0000000008000d40                DMA1_Channel2_IRQHandler
                0x0000000008000d40                CAN1_SCE_IRQHandler
                0x0000000008000d40                FLASH_IRQHandler
                0x0000000008000d40                USART1_IRQHandler
                0x0000000008000d40                I2C1_ER_IRQHandler
                0x0000000008000d40                USBWakeUp_IRQHandler
 *fill*         0x0000000008000d42        0x2 
 .text.HAL_InitTick
                0x0000000008000d44       0x48 Drivers/STM32F1xx_HAL_Driver/Src/stm32f1xx_hal.o
                0x0000000008000d44                HAL_InitTick
 .text.HAL_Init
                0x0000000008000d8c       0x24 Drivers/STM32F1xx_HAL_Driver/Src/stm32f1xx_hal.o
                0x0000000008000d8c                HAL_Init
 .text.HAL_IncTick
                0x0000000008000db0       0x18 Drivers/STM32F1xx_HAL_Driver/Src/stm32f1xx_hal.o
                0x0000000008000db0                HAL_IncTick
 .text.HAL_GetTick
                0x0000000008000dc8        0xc Drivers/STM32F1xx_HAL_Driver/Src/stm32f1xx_hal.o
                0x0000000008000dc8                HAL_GetTick
 .text.HAL_ADC_Init
                0x0000000008000dd4      0x180 Drivers/STM32F1xx_HAL_Driver/Src/stm32f1xx_hal_adc.o
                0x0000000008000dd4                HAL_ADC_Init
 .text.HAL_ADC_ConfigChannel
                0x0000000008000f54      0x120 Drivers/STM32F1xx_HAL_Driver/Src/stm32f1xx_hal_adc.o
                0x0000000008000f54                HAL_ADC_ConfigChannel
 .text.HAL_CAN_Init
                0x0000000008001074      0x104 Drivers/STM32F1xx_HAL_Driver/Src/stm32f1xx_hal_can.o
                0x0000000008001074                HAL_CAN_Init
 .text.HAL_NVIC_SetPriorityGrouping
                0x0000000008001178       0x24 Drivers/STM32F1xx_HAL_Driver/Src/stm32f1xx_hal_cortex.o
                0x0000000008001178                HAL_NVIC_SetPriorityGrouping
 .text.HAL_NVIC_SetPriority
                0x000000000800119c       0x6c Drivers/STM32F1xx_HAL_Driver/Src/stm32f1xx_hal_cortex.o
                0x000000000800119c                HAL_NVIC_SetPriority
 .text.HAL_SYSTICK_Config
                0x0000000008001208       0x30 Drivers/STM32F1xx_HAL_Driver/Src/stm32f1xx_hal_cortex.o
                0x0000000008001208                HAL_SYSTICK_Config
 .text.HAL_FLASH_Program
                0x0000000008001238      0x1c8 Drivers/STM32F1xx_HAL_Driver/Src/stm32f1xx_hal_flash.o
                0x0000000008001238                HAL_FLASH_Program
 .text.HAL_FLASH_Unlock
                0x0000000008001400       0x28 Drivers/STM32F1xx_HAL_Driver/Src/stm32f1xx_hal_flash.o
                0x0000000008001400                HAL_FLASH_Unlock
 .text.HAL_FLASH_Lock
                0x0000000008001428       0x14 Drivers/STM32F1xx_HAL_Driver/Src/stm32f1xx_hal_flash.o
                0x0000000008001428                HAL_FLASH_Lock
 .text.FLASH_WaitForLastOperation
                0x000000000800143c       0xb8 Drivers/STM32F1xx_HAL_Driver/Src/stm32f1xx_hal_flash.o
                0x000000000800143c                FLASH_WaitForLastOperation
 .text.HAL_FLASHEx_Erase
                0x00000000080014f4       0xcc Drivers/STM32F1xx_HAL_Driver/Src/stm32f1xx_hal_flash_ex.o
                0x00000000080014f4                HAL_FLASHEx_Erase
 .text.HAL_GPIO_Init
                0x00000000080015c0      0x1f4 Drivers/STM32F1xx_HAL_Driver/Src/stm32f1xx_hal_gpio.o
                0x00000000080015c0                HAL_GPIO_Init
 .text.HAL_GPIO_WritePin
                0x00000000080017b4        0x8 Drivers/STM32F1xx_HAL_Driver/Src/stm32f1xx_hal_gpio.o
                0x00000000080017b4                HAL_GPIO_WritePin
 .text.HAL_PCD_Init
                0x00000000080017bc       0xfc Drivers/STM32F1xx_HAL_Driver/Src/stm32f1xx_hal_pcd.o
                0x00000000080017bc                HAL_PCD_Init
 .text.HAL_PWR_EnableBkUpAccess
                0x00000000080018b8        0xc Drivers/STM32F1xx_HAL_Driver/Src/stm32f1xx_hal_pwr.o
                0x00000000080018b8                HAL_PWR_EnableBkUpAccess
 .text.HAL_RCC_OscConfig
                0x00000000080018c4      0x3f0 Drivers/STM32F1xx_HAL_Driver/Src/stm32f1xx_hal_rcc.o
                0x00000000080018c4                HAL_RCC_OscConfig
 .text.HAL_RCC_ClockConfig
                0x0000000008001cb4      0x198 Drivers/STM32F1xx_HAL_Driver/Src/stm32f1xx_hal_rcc.o
                0x0000000008001cb4                HAL_RCC_ClockConfig
 .text.HAL_RCC_GetPCLK1Freq
                0x0000000008001e4c       0x20 Drivers/STM32F1xx_HAL_Driver/Src/stm32f1xx_hal_rcc.o
                0x0000000008001e4c                HAL_RCC_GetPCLK1Freq
 .text.HAL_RCC_GetPCLK2Freq
                0x0000000008001e6c       0x20 Drivers/STM32F1xx_HAL_Driver/Src/stm32f1xx_hal_rcc.o
                0x0000000008001e6c                HAL_RCC_GetPCLK2Freq
 .text.HAL_RCCEx_PeriphCLKConfig
                0x0000000008001e8c      0x104 Drivers/STM32F1xx_HAL_Driver/Src/stm32f1xx_hal_rcc_ex.o
                0x0000000008001e8c                HAL_RCCEx_PeriphCLKConfig
 .text.HAL_RCCEx_GetPeriphCLKFreq
                0x0000000008001f90       0xf0 Drivers/STM32F1xx_HAL_Driver/Src/stm32f1xx_hal_rcc_ex.o
                0x0000000008001f90                HAL_RCCEx_GetPeriphCLKFreq
 .text.HAL_RTC_Init
                0x0000000008002080       0xfc Drivers/STM32F1xx_HAL_Driver/Src/stm32f1xx_hal_rtc.o
                0x0000000008002080                HAL_RTC_Init
 .text.HAL_RTC_SetTime
                0x000000000800217c      0x158 Drivers/STM32F1xx_HAL_Driver/Src/stm32f1xx_hal_rtc.o
                0x000000000800217c                HAL_RTC_SetTime
 .text.HAL_RTC_SetDate
                0x00000000080022d4      0x1fc Drivers/STM32F1xx_HAL_Driver/Src/stm32f1xx_hal_rtc.o
                0x00000000080022d4                HAL_RTC_SetDate
 .text.HAL_UART_Init
                0x00000000080024d0       0xd4 Drivers/STM32F1xx_HAL_Driver/Src/stm32f1xx_hal_uart.o
                0x00000000080024d0                HAL_UART_Init
 .text.USB_CoreInit
                0x00000000080025a4       0x10 Drivers/STM32F1xx_HAL_Driver/Src/stm32f1xx_ll_usb.o
                0x00000000080025a4                USB_CoreInit
 .text.USB_DisableGlobalInt
                0x00000000080025b4       0x14 Drivers/STM32F1xx_HAL_Driver/Src/stm32f1xx_ll_usb.o
                0x00000000080025b4                USB_DisableGlobalInt
 .text.USB_SetCurrentMode
                0x00000000080025c8        0x4 Drivers/STM32F1xx_HAL_Driver/Src/stm32f1xx_ll_usb.o
                0x00000000080025c8                USB_SetCurrentMode
 .text.USB_DevInit
                0x00000000080025cc       0x34 Drivers/STM32F1xx_HAL_Driver/Src/stm32f1xx_ll_usb.o
                0x00000000080025cc                USB_DevInit
 .text.USB_DevDisconnect
                0x0000000008002600        0x4 Drivers/STM32F1xx_HAL_Driver/Src/stm32f1xx_ll_usb.o
                0x0000000008002600                USB_DevDisconnect
 .text.__libc_init_array
                0x0000000008002604       0x48 c:/st/stm32cubeide_1.1.0/stm32cubeide/plugins/com.st.stm32cube.ide.mcu.externaltools.gnu-tools-for-stm32.7-2018-q2-update.win32_1.0.0.201904181610/tools/bin/../lib/gcc/arm-none-eabi/7.3.1/../../../../arm-none-eabi/lib/thumb/v7-m\libc_nano.a(lib_a-init.o)
                0x0000000008002604                __libc_init_array
 *(.glue_7)
 .glue_7        0x000000000800264c        0x0 linker stubs
 *(.glue_7t)
 .glue_7t       0x000000000800264c        0x0 linker stubs
 *(.eh_frame)
 .eh_frame      0x000000000800264c        0x0 c:/st/stm32cubeide_1.1.0/stm32cubeide/plugins/com.st.stm32cube.ide.mcu.externaltools.gnu-tools-for-stm32.7-2018-q2-update.win32_1.0.0.201904181610/tools/bin/../lib/gcc/arm-none-eabi/7.3.1/thumb/v7-m/crtbegin.o
 *(.init)
 .init          0x000000000800264c        0x4 c:/st/stm32cubeide_1.1.0/stm32cubeide/plugins/com.st.stm32cube.ide.mcu.externaltools.gnu-tools-for-stm32.7-2018-q2-update.win32_1.0.0.201904181610/tools/bin/../lib/gcc/arm-none-eabi/7.3.1/thumb/v7-m/crti.o
                0x000000000800264c                _init
 .init          0x0000000008002650        0x8 c:/st/stm32cubeide_1.1.0/stm32cubeide/plugins/com.st.stm32cube.ide.mcu.externaltools.gnu-tools-for-stm32.7-2018-q2-update.win32_1.0.0.201904181610/tools/bin/../lib/gcc/arm-none-eabi/7.3.1/thumb/v7-m/crtn.o
 *(.fini)
 .fini          0x0000000008002658        0x4 c:/st/stm32cubeide_1.1.0/stm32cubeide/plugins/com.st.stm32cube.ide.mcu.externaltools.gnu-tools-for-stm32.7-2018-q2-update.win32_1.0.0.201904181610/tools/bin/../lib/gcc/arm-none-eabi/7.3.1/thumb/v7-m/crti.o
                0x0000000008002658                _fini
 .fini          0x000000000800265c        0x8 c:/st/stm32cubeide_1.1.0/stm32cubeide/plugins/com.st.stm32cube.ide.mcu.externaltools.gnu-tools-for-stm32.7-2018-q2-update.win32_1.0.0.201904181610/tools/bin/../lib/gcc/arm-none-eabi/7.3.1/thumb/v7-m/crtn.o
                0x0000000008002664                . = ALIGN (0x4)
                0x0000000008002664                _etext = .

.vfp11_veneer   0x0000000008002664        0x0
 .vfp11_veneer  0x0000000008002664        0x0 linker stubs

.v4_bx          0x0000000008002664        0x0
 .v4_bx         0x0000000008002664        0x0 linker stubs

.iplt           0x0000000008002664        0x0
 .iplt          0x0000000008002664        0x0 c:/st/stm32cubeide_1.1.0/stm32cubeide/plugins/com.st.stm32cube.ide.mcu.externaltools.gnu-tools-for-stm32.7-2018-q2-update.win32_1.0.0.201904181610/tools/bin/../lib/gcc/arm-none-eabi/7.3.1/thumb/v7-m/crtbegin.o

.rodata         0x0000000008002664       0x38
                0x0000000008002664                . = ALIGN (0x4)
 *(.rodata)
 .rodata        0x0000000008002664       0x10 Drivers/STM32F1xx_HAL_Driver/Src/stm32f1xx_hal_rcc.o
 .rodata        0x0000000008002674       0x10 Drivers/STM32F1xx_HAL_Driver/Src/stm32f1xx_hal_rcc_ex.o
 *(.rodata*)
 .rodata.AHBPrescTable
                0x0000000008002684       0x10 Core/Src/system_stm32f1xx.o
                0x0000000008002684                AHBPrescTable
 .rodata.APBPrescTable
                0x0000000008002694        0x8 Core/Src/system_stm32f1xx.o
                0x0000000008002694                APBPrescTable
                0x000000000800269c                . = ALIGN (0x4)

.rel.dyn        0x000000000800269c        0x0
 .rel.iplt      0x000000000800269c        0x0 c:/st/stm32cubeide_1.1.0/stm32cubeide/plugins/com.st.stm32cube.ide.mcu.externaltools.gnu-tools-for-stm32.7-2018-q2-update.win32_1.0.0.201904181610/tools/bin/../lib/gcc/arm-none-eabi/7.3.1/thumb/v7-m/crtbegin.o

.ARM.extab      0x000000000800269c        0x0
                0x000000000800269c                . = ALIGN (0x4)
 *(.ARM.extab* .gnu.linkonce.armextab.*)
                0x000000000800269c                . = ALIGN (0x4)

.ARM            0x000000000800269c        0x0
                0x000000000800269c                . = ALIGN (0x4)
                0x000000000800269c                __exidx_start = .
 *(.ARM.exidx*)
                0x000000000800269c                __exidx_end = .
                0x000000000800269c                . = ALIGN (0x4)

.preinit_array  0x000000000800269c        0x0
                0x000000000800269c                . = ALIGN (0x4)
                0x000000000800269c                PROVIDE (__preinit_array_start = .)
 *(.preinit_array*)
                0x000000000800269c                PROVIDE (__preinit_array_end = .)
                0x000000000800269c                . = ALIGN (0x4)

.init_array     0x000000000800269c        0x4
                0x000000000800269c                . = ALIGN (0x4)
                0x000000000800269c                PROVIDE (__init_array_start = .)
 *(SORT_BY_NAME(.init_array.*))
 *(.init_array*)
 .init_array    0x000000000800269c        0x4 c:/st/stm32cubeide_1.1.0/stm32cubeide/plugins/com.st.stm32cube.ide.mcu.externaltools.gnu-tools-for-stm32.7-2018-q2-update.win32_1.0.0.201904181610/tools/bin/../lib/gcc/arm-none-eabi/7.3.1/thumb/v7-m/crtbegin.o
                0x00000000080026a0                PROVIDE (__init_array_end = .)
                0x00000000080026a0                . = ALIGN (0x4)

.fini_array     0x00000000080026a0        0x4
                0x00000000080026a0                . = ALIGN (0x4)
                [!provide]                        PROVIDE (__fini_array_start = .)
 *(SORT_BY_NAME(.fini_array.*))
 *(.fini_array*)
 .fini_array    0x00000000080026a0        0x4 c:/st/stm32cubeide_1.1.0/stm32cubeide/plugins/com.st.stm32cube.ide.mcu.externaltools.gnu-tools-for-stm32.7-2018-q2-update.win32_1.0.0.201904181610/tools/bin/../lib/gcc/arm-none-eabi/7.3.1/thumb/v7-m/crtbegin.o
                [!provide]                        PROVIDE (__fini_array_end = .)
                0x00000000080026a4                . = ALIGN (0x4)
                0x00000000080026a4                _sidata = LOADADDR (.data)

.data           0x0000000020000000       0x2c load address 0x00000000080026a4
                0x0000000020000000                . = ALIGN (0x4)
                0x0000000020000000                _sdata = .
 *(.data)
 *(.data*)
 .data.VirtAddVarTab
                0x0000000020000000       0x1c Core/Src/main.o
                0x0000000020000000                VirtAddVarTab
 .data.maxaccur
                0x000000002000001c        0x2 Core/Src/main.o
                0x000000002000001c                maxaccur
 *fill*         0x000000002000001e        0x2 
 .data.SystemCoreClock
                0x0000000020000020        0x4 Core/Src/system_stm32f1xx.o
                0x0000000020000020                SystemCoreClock
 .data.uwTickFreq
                0x0000000020000024        0x1 Drivers/STM32F1xx_HAL_Driver/Src/stm32f1xx_hal.o
                0x0000000020000024                uwTickFreq
 *fill*         0x0000000020000025        0x3 
 .data.uwTickPrio
                0x0000000020000028        0x4 Drivers/STM32F1xx_HAL_Driver/Src/stm32f1xx_hal.o
                0x0000000020000028                uwTickPrio
                0x000000002000002c                . = ALIGN (0x4)
                0x000000002000002c                _edata = .

.igot.plt       0x000000002000002c        0x0 load address 0x00000000080026d0
 .igot.plt      0x000000002000002c        0x0 c:/st/stm32cubeide_1.1.0/stm32cubeide/plugins/com.st.stm32cube.ide.mcu.externaltools.gnu-tools-for-stm32.7-2018-q2-update.win32_1.0.0.201904181610/tools/bin/../lib/gcc/arm-none-eabi/7.3.1/thumb/v7-m/crtbegin.o
                0x000000002000002c                . = ALIGN (0x4)

.bss            0x0000000020000030      0x3d8 load address 0x00000000080026d0
                0x0000000020000030                _sbss = .
                0x0000000020000030                __bss_start__ = _sbss
 *(.bss)
 .bss           0x0000000020000030       0x1c c:/st/stm32cubeide_1.1.0/stm32cubeide/plugins/com.st.stm32cube.ide.mcu.externaltools.gnu-tools-for-stm32.7-2018-q2-update.win32_1.0.0.201904181610/tools/bin/../lib/gcc/arm-none-eabi/7.3.1/thumb/v7-m/crtbegin.o
 *(.bss*)
 .bss.DataVar   0x000000002000004c        0x2 Core/Src/eeprom.o
                0x000000002000004c                DataVar
 .bss.dcaclim   0x000000002000004e        0x2 Core/Src/main.o
                0x000000002000004e                dcaclim
 *(COMMON)
 COMMON         0x0000000020000050       0x30 Core/Src/adc.o
                0x0000000020000050                hadc1
 COMMON         0x0000000020000080       0x28 Core/Src/can.o
                0x0000000020000080                hcan
 COMMON         0x00000000200000a8       0x36 Core/Src/main.o
                0x00000000200000a8                activemodules
                0x00000000200000ac                tlast
                0x00000000200000b0                state
                0x00000000200000b4                slavetimeout
                0x00000000200000b8                tpause
                0x00000000200000bc                parameters
                0x00000000200000d4                tcan
                0x00000000200000d8                timehigh
                0x00000000200000da                bChargerEnabled
                0x00000000200000dc                modulelimcur
 *fill*         0x00000000200000de        0x2 
 COMMON         0x00000000200000e0       0x14 Core/Src/rtc.o
                0x00000000200000e0                hrtc
 COMMON         0x00000000200000f4       0x80 Core/Src/usart.o
                0x00000000200000f4                huart3
                0x0000000020000134                huart1
 COMMON         0x0000000020000174      0x26c Core/Src/usb.o
                0x0000000020000174                hpcd_USB_FS
 COMMON         0x00000000200003e0        0x4 Drivers/STM32F1xx_HAL_Driver/Src/stm32f1xx_hal.o
                0x00000000200003e0                uwTick
 *fill*         0x00000000200003e4        0x4 
 COMMON         0x00000000200003e8       0x20 Drivers/STM32F1xx_HAL_Driver/Src/stm32f1xx_hal_flash.o
                0x00000000200003e8                pFlash
                0x0000000020000408                . = ALIGN (0x4)
                0x0000000020000408                _ebss = .
                0x0000000020000408                __bss_end__ = _ebss

._user_heap_stack
                0x0000000020000408      0x600 load address 0x00000000080026d0
                0x0000000020000408                . = ALIGN (0x8)
                0x0000000020000408                PROVIDE (end = .)
                [!provide]                        PROVIDE (_end = .)
                0x0000000020000608                . = (. + _Min_Heap_Size)
 *fill*         0x0000000020000408      0x200 
                0x0000000020000a08                . = (. + _Min_Stack_Size)
 *fill*         0x0000000020000608      0x400 
                0x0000000020000a08                . = ALIGN (0x8)

/DISCARD/
 libc.a(*)
 libm.a(*)
 libgcc.a(*)

.ARM.attributes
                0x0000000000000000       0x29
 *(.ARM.attributes)
 .ARM.attributes
                0x0000000000000000       0x1d c:/st/stm32cubeide_1.1.0/stm32cubeide/plugins/com.st.stm32cube.ide.mcu.externaltools.gnu-tools-for-stm32.7-2018-q2-update.win32_1.0.0.201904181610/tools/bin/../lib/gcc/arm-none-eabi/7.3.1/thumb/v7-m/crti.o
 .ARM.attributes
                0x000000000000001d       0x2d c:/st/stm32cubeide_1.1.0/stm32cubeide/plugins/com.st.stm32cube.ide.mcu.externaltools.gnu-tools-for-stm32.7-2018-q2-update.win32_1.0.0.201904181610/tools/bin/../lib/gcc/arm-none-eabi/7.3.1/thumb/v7-m/crtbegin.o
 .ARM.attributes
                0x000000000000004a       0x33 Core/Src/adc.o
 .ARM.attributes
                0x000000000000007d       0x33 Core/Src/can.o
 .ARM.attributes
                0x00000000000000b0       0x33 Core/Src/eeprom.o
 .ARM.attributes
                0x00000000000000e3       0x33 Core/Src/gpio.o
 .ARM.attributes
                0x0000000000000116       0x33 Core/Src/main.o
 .ARM.attributes
                0x0000000000000149       0x33 Core/Src/rtc.o
 .ARM.attributes
                0x000000000000017c       0x33 Core/Src/stm32f1xx_hal_msp.o
 .ARM.attributes
                0x00000000000001af       0x33 Core/Src/stm32f1xx_it.o
 .ARM.attributes
                0x00000000000001e2       0x33 Core/Src/system_stm32f1xx.o
 .ARM.attributes
                0x0000000000000215       0x33 Core/Src/usart.o
 .ARM.attributes
                0x0000000000000248       0x33 Core/Src/usb.o
 .ARM.attributes
                0x000000000000027b       0x21 Core/Startup/startup_stm32f103c8tx.o
 .ARM.attributes
                0x000000000000029c       0x33 Drivers/STM32F1xx_HAL_Driver/Src/stm32f1xx_hal.o
 .ARM.attributes
                0x00000000000002cf       0x33 Drivers/STM32F1xx_HAL_Driver/Src/stm32f1xx_hal_adc.o
 .ARM.attributes
                0x0000000000000302       0x33 Drivers/STM32F1xx_HAL_Driver/Src/stm32f1xx_hal_can.o
 .ARM.attributes
                0x0000000000000335       0x33 Drivers/STM32F1xx_HAL_Driver/Src/stm32f1xx_hal_cortex.o
 .ARM.attributes
                0x0000000000000368       0x33 Drivers/STM32F1xx_HAL_Driver/Src/stm32f1xx_hal_flash.o
 .ARM.attributes
                0x000000000000039b       0x33 Drivers/STM32F1xx_HAL_Driver/Src/stm32f1xx_hal_flash_ex.o
 .ARM.attributes
                0x00000000000003ce       0x33 Drivers/STM32F1xx_HAL_Driver/Src/stm32f1xx_hal_gpio.o
 .ARM.attributes
                0x0000000000000401       0x33 Drivers/STM32F1xx_HAL_Driver/Src/stm32f1xx_hal_pcd.o
 .ARM.attributes
                0x0000000000000434       0x33 Drivers/STM32F1xx_HAL_Driver/Src/stm32f1xx_hal_pwr.o
 .ARM.attributes
                0x0000000000000467       0x33 Drivers/STM32F1xx_HAL_Driver/Src/stm32f1xx_hal_rcc.o
 .ARM.attributes
                0x000000000000049a       0x33 Drivers/STM32F1xx_HAL_Driver/Src/stm32f1xx_hal_rcc_ex.o
 .ARM.attributes
                0x00000000000004cd       0x33 Drivers/STM32F1xx_HAL_Driver/Src/stm32f1xx_hal_rtc.o
 .ARM.attributes
                0x0000000000000500       0x33 Drivers/STM32F1xx_HAL_Driver/Src/stm32f1xx_hal_uart.o
 .ARM.attributes
                0x0000000000000533       0x33 Drivers/STM32F1xx_HAL_Driver/Src/stm32f1xx_ll_usb.o
 .ARM.attributes
                0x0000000000000566       0x2d c:/st/stm32cubeide_1.1.0/stm32cubeide/plugins/com.st.stm32cube.ide.mcu.externaltools.gnu-tools-for-stm32.7-2018-q2-update.win32_1.0.0.201904181610/tools/bin/../lib/gcc/arm-none-eabi/7.3.1/../../../../arm-none-eabi/lib/thumb/v7-m\libc_nano.a(lib_a-init.o)
 .ARM.attributes
                0x0000000000000593       0x1d c:/st/stm32cubeide_1.1.0/stm32cubeide/plugins/com.st.stm32cube.ide.mcu.externaltools.gnu-tools-for-stm32.7-2018-q2-update.win32_1.0.0.201904181610/tools/bin/../lib/gcc/arm-none-eabi/7.3.1/thumb/v7-m/crtn.o
OUTPUT(Charger_Gen2_V5.elf elf32-littlearm)

.comment        0x0000000000000000       0x7b
 .comment       0x0000000000000000       0x7b Core/Src/adc.o
                                         0x7c (size before relaxing)
 .comment       0x000000000000007b       0x7c Core/Src/can.o
 .comment       0x000000000000007b       0x7c Core/Src/eeprom.o
 .comment       0x000000000000007b       0x7c Core/Src/gpio.o
 .comment       0x000000000000007b       0x7c Core/Src/main.o
 .comment       0x000000000000007b       0x7c Core/Src/rtc.o
 .comment       0x000000000000007b       0x7c Core/Src/stm32f1xx_hal_msp.o
 .comment       0x000000000000007b       0x7c Core/Src/stm32f1xx_it.o
 .comment       0x000000000000007b       0x7c Core/Src/system_stm32f1xx.o
 .comment       0x000000000000007b       0x7c Core/Src/usart.o
 .comment       0x000000000000007b       0x7c Core/Src/usb.o
 .comment       0x000000000000007b       0x7c Drivers/STM32F1xx_HAL_Driver/Src/stm32f1xx_hal.o
 .comment       0x000000000000007b       0x7c Drivers/STM32F1xx_HAL_Driver/Src/stm32f1xx_hal_adc.o
 .comment       0x000000000000007b       0x7c Drivers/STM32F1xx_HAL_Driver/Src/stm32f1xx_hal_can.o
 .comment       0x000000000000007b       0x7c Drivers/STM32F1xx_HAL_Driver/Src/stm32f1xx_hal_cortex.o
 .comment       0x000000000000007b       0x7c Drivers/STM32F1xx_HAL_Driver/Src/stm32f1xx_hal_flash.o
 .comment       0x000000000000007b       0x7c Drivers/STM32F1xx_HAL_Driver/Src/stm32f1xx_hal_flash_ex.o
 .comment       0x000000000000007b       0x7c Drivers/STM32F1xx_HAL_Driver/Src/stm32f1xx_hal_gpio.o
 .comment       0x000000000000007b       0x7c Drivers/STM32F1xx_HAL_Driver/Src/stm32f1xx_hal_pcd.o
 .comment       0x000000000000007b       0x7c Drivers/STM32F1xx_HAL_Driver/Src/stm32f1xx_hal_pwr.o
 .comment       0x000000000000007b       0x7c Drivers/STM32F1xx_HAL_Driver/Src/stm32f1xx_hal_rcc.o
 .comment       0x000000000000007b       0x7c Drivers/STM32F1xx_HAL_Driver/Src/stm32f1xx_hal_rcc_ex.o
 .comment       0x000000000000007b       0x7c Drivers/STM32F1xx_HAL_Driver/Src/stm32f1xx_hal_rtc.o
 .comment       0x000000000000007b       0x7c Drivers/STM32F1xx_HAL_Driver/Src/stm32f1xx_hal_uart.o
 .comment       0x000000000000007b       0x7c Drivers/STM32F1xx_HAL_Driver/Src/stm32f1xx_ll_usb.o

.debug_frame    0x0000000000000000       0x2c
 .debug_frame   0x0000000000000000       0x2c c:/st/stm32cubeide_1.1.0/stm32cubeide/plugins/com.st.stm32cube.ide.mcu.externaltools.gnu-tools-for-stm32.7-2018-q2-update.win32_1.0.0.201904181610/tools/bin/../lib/gcc/arm-none-eabi/7.3.1/../../../../arm-none-eabi/lib/thumb/v7-m\libc_nano.a(lib_a-init.o)
