stm32f1xx_hal_can.c:506:13:HAL_CAN_MspInit	0	static
stm32f1xx_hal_can.c:274:19:HAL_CAN_Init	16	static
stm32f1xx_hal_can.c:522:13:HAL_CAN_MspDeInit	0	static
stm32f1xx_hal_can.c:459:19:HAL_CAN_DeInit	16	static
stm32f1xx_hal_can.c:838:19:HAL_CAN_ConfigFilter	16	static
stm32f1xx_hal_can.c:1004:19:HAL_CAN_Start	16	static
stm32f1xx_hal_can.c:1056:19:HAL_CAN_Stop	16	static
stm32f1xx_hal_can.c:1111:19:HAL_CAN_RequestSleep	0	static
stm32f1xx_hal_can.c:1142:19:HAL_CAN_WakeUp	8	static
stm32f1xx_hal_can.c:1191:10:HAL_CAN_IsSleepActive	0	static
stm32f1xx_hal_can.c:1222:19:HAL_CAN_AddTxMessage	12	static
stm32f1xx_hal_can.c:1330:19:HAL_CAN_AbortTxRequest	0	static
stm32f1xx_hal_can.c:1379:10:HAL_CAN_GetTxMailboxesFreeLevel	0	static
stm32f1xx_hal_can.c:1422:10:HAL_CAN_IsTxMessagePending	0	static
stm32f1xx_hal_can.c:1454:10:HAL_CAN_GetTxTimestamp	0	static,ignoring_inline_asm
stm32f1xx_hal_can.c:1488:19:HAL_CAN_GetRxMessage	24	static
stm32f1xx_hal_can.c:1578:10:HAL_CAN_GetRxFifoFillLevel	0	static
stm32f1xx_hal_can.c:1631:19:HAL_CAN_ActivateNotification	0	static
stm32f1xx_hal_can.c:1664:19:HAL_CAN_DeactivateNotification	0	static
stm32f1xx_hal_can.c:2106:13:HAL_CAN_TxMailbox0CompleteCallback	0	static
stm32f1xx_hal_can.c:2123:13:HAL_CAN_TxMailbox1CompleteCallback	0	static
stm32f1xx_hal_can.c:2140:13:HAL_CAN_TxMailbox2CompleteCallback	0	static
stm32f1xx_hal_can.c:2157:13:HAL_CAN_TxMailbox0AbortCallback	0	static
stm32f1xx_hal_can.c:2174:13:HAL_CAN_TxMailbox1AbortCallback	0	static
stm32f1xx_hal_can.c:2191:13:HAL_CAN_TxMailbox2AbortCallback	0	static
stm32f1xx_hal_can.c:2208:13:HAL_CAN_RxFifo0MsgPendingCallback	0	static
stm32f1xx_hal_can.c:2225:13:HAL_CAN_RxFifo0FullCallback	0	static
stm32f1xx_hal_can.c:2242:13:HAL_CAN_RxFifo1MsgPendingCallback	0	static
stm32f1xx_hal_can.c:2259:13:HAL_CAN_RxFifo1FullCallback	0	static
stm32f1xx_hal_can.c:2276:13:HAL_CAN_SleepCallback	0	static
stm32f1xx_hal_can.c:2292:13:HAL_CAN_WakeUpFromRxMsgCallback	0	static
stm32f1xx_hal_can.c:2309:13:HAL_CAN_ErrorCallback	0	static
stm32f1xx_hal_can.c:1695:6:HAL_CAN_IRQHandler	40	static
stm32f1xx_hal_can.c:2346:22:HAL_CAN_GetState	0	static
stm32f1xx_hal_can.c:2381:10:HAL_CAN_GetError	0	static
stm32f1xx_hal_can.c:2393:19:HAL_CAN_ResetError	0	static
