stm32f1xx_ll_usb.c:1769:19:USB_CoreInit	0	static
stm32f1xx_ll_usb.c:1789:19:USB_EnableGlobalInt	0	static
stm32f1xx_ll_usb.c:1811:19:USB_DisableGlobalInt	0	static
stm32f1xx_ll_usb.c:1835:19:USB_SetCurrentMode	0	static
stm32f1xx_ll_usb.c:1856:19:USB_DevInit	12	static
stm32f1xx_ll_usb.c:1887:19:USB_SetDevSpeed	0	static
stm32f1xx_ll_usb.c:1909:19:USB_FlushTxFifo	0	static
stm32f1xx_ll_usb.c:1928:19:USB_FlushRxFifo	0	static
stm32f1xx_ll_usb.c:1947:19:USB_ActivateEndpoint	12	static
stm32f1xx_ll_usb.c:2063:19:USB_DeactivateEndpoint	8	static
stm32f1xx_ll_usb.c:2116:19:USB_EPStartXfer	16	static
stm32f1xx_ll_usb.c:2204:19:USB_WritePacket	0	static
stm32f1xx_ll_usb.c:2226:7:USB_ReadPacket	0	static
stm32f1xx_ll_usb.c:2245:19:USB_EPSetStall	0	static
stm32f1xx_ll_usb.c:2265:19:USB_EPClearStall	4	static
stm32f1xx_ll_usb.c:2296:19:USB_StopDevice	0	static
stm32f1xx_ll_usb.c:2317:20:USB_SetDevAddress	0	static
stm32f1xx_ll_usb.c:2333:20:USB_DevConnect	0	static
stm32f1xx_ll_usb.c:2350:20:USB_DevDisconnect	0	static
stm32f1xx_ll_usb.c:2367:11:USB_ReadInterrupts	0	static
stm32f1xx_ll_usb.c:2380:10:USB_ReadDevAllOutEpInterrupt	0	static
stm32f1xx_ll_usb.c:2396:10:USB_ReadDevAllInEpInterrupt	0	static
stm32f1xx_ll_usb.c:2414:10:USB_ReadDevOutEPInterrupt	0	static
stm32f1xx_ll_usb.c:2433:10:USB_ReadDevInEPInterrupt	0	static
stm32f1xx_ll_usb.c:2451:7:USB_ClearInterrupts	0	static
stm32f1xx_ll_usb.c:2468:19:USB_EP0_OutStart	0	static
stm32f1xx_ll_usb.c:2485:19:USB_ActivateRemoteWakeup	0	static
stm32f1xx_ll_usb.c:2497:19:USB_DeActivateRemoteWakeup	0	static
stm32f1xx_ll_usb.c:2511:6:USB_WritePMA	0	static
stm32f1xx_ll_usb.c:2545:6:USB_ReadPMA	16	static
