stm32f1xx_hal_pcd.c:280:13:HAL_PCD_MspInit	0	static
stm32f1xx_hal_pcd.c:126:19:HAL_PCD_Init	48	static
stm32f1xx_hal_pcd.c:295:13:HAL_PCD_MspDeInit	0	static
stm32f1xx_hal_pcd.c:244:19:HAL_PCD_DeInit	16	static
stm32f1xx_hal_pcd.c:845:19:HAL_PCD_Start	8	static
stm32f1xx_hal_pcd.c:862:19:HAL_PCD_Stop	16	static
stm32f1xx_hal_pcd.c:1309:13:HAL_PCD_DataOutStageCallback	0	static
stm32f1xx_hal_pcd.c:1326:13:HAL_PCD_DataInStageCallback	0	static
stm32f1xx_hal_pcd.c:1341:13:HAL_PCD_SetupStageCallback	0	static
stm32f1xx_hal_pcd.c:1356:13:HAL_PCD_SOFCallback	0	static
stm32f1xx_hal_pcd.c:1371:13:HAL_PCD_ResetCallback	0	static
stm32f1xx_hal_pcd.c:1386:13:HAL_PCD_SuspendCallback	0	static
stm32f1xx_hal_pcd.c:1401:13:HAL_PCD_ResumeCallback	0	static
stm32f1xx_hal_pcd.c:1215:6:HAL_PCD_IRQHandler	40	static
stm32f1xx_hal_pcd.c:1417:13:HAL_PCD_ISOOUTIncompleteCallback	0	static
stm32f1xx_hal_pcd.c:1434:13:HAL_PCD_ISOINIncompleteCallback	0	static
stm32f1xx_hal_pcd.c:1450:13:HAL_PCD_ConnectCallback	0	static
stm32f1xx_hal_pcd.c:1465:13:HAL_PCD_DisconnectCallback	0	static
stm32f1xx_hal_pcd.c:1499:19:HAL_PCD_DevConnect	8	static
stm32f1xx_hal_pcd.c:1515:19:HAL_PCD_DevDisconnect	8	static
stm32f1xx_hal_pcd.c:1532:19:HAL_PCD_SetAddress	8	static
stm32f1xx_hal_pcd.c:1548:19:HAL_PCD_EP_Open	24	static
stm32f1xx_hal_pcd.c:1592:19:HAL_PCD_EP_Close	8	static
stm32f1xx_hal_pcd.c:1623:19:HAL_PCD_EP_Receive	16	static
stm32f1xx_hal_pcd.c:1654:10:HAL_PCD_EP_GetRxCount	0	static
stm32f1xx_hal_pcd.c:1666:19:HAL_PCD_EP_Transmit	24	static
stm32f1xx_hal_pcd.c:1697:19:HAL_PCD_EP_SetStall	16	static
stm32f1xx_hal_pcd.c:1738:19:HAL_PCD_EP_ClrStall	16	static
stm32f1xx_hal_pcd.c:1774:19:HAL_PCD_EP_Flush	8	static
stm32f1xx_hal_pcd.c:1797:19:HAL_PCD_ActivateRemoteWakeup	0	static
stm32f1xx_hal_pcd.c:1807:19:HAL_PCD_DeActivateRemoteWakeup	0	static
stm32f1xx_hal_pcd.c:1836:18:HAL_PCD_GetState	0	static
