stm32f1xx_hal_adc.c:787:13:HAL_ADC_MspInit	0	static
stm32f1xx_hal_adc.c:421:19:HAL_ADC_Init	16	static
stm32f1xx_hal_adc.c:801:13:HAL_ADC_MspDeInit	0	static
stm32f1xx_hal_adc.c:639:19:HAL_ADC_DeInit	16	static
stm32f1xx_hal_adc.c:1046:19:HAL_ADC_Start	24	static
stm32f1xx_hal_adc.c:1159:19:HAL_ADC_Stop	16	static
stm32f1xx_hal_adc.c:1203:19:HAL_ADC_PollForConversion	32	static
stm32f1xx_hal_adc.c:1334:19:HAL_ADC_PollForEvent	24	static
stm32f1xx_hal_adc.c:1383:19:HAL_ADC_Start_IT	24	static
stm32f1xx_hal_adc.c:1494:19:HAL_ADC_Stop_IT	16	static
stm32f1xx_hal_adc.c:1551:19:HAL_ADC_Start_DMA	40	static
stm32f1xx_hal_adc.c:1692:19:HAL_ADC_Stop_DMA	16	static
stm32f1xx_hal_adc.c:1757:10:HAL_ADC_GetValue	0	static
stm32f1xx_hal_adc.c:1901:13:HAL_ADC_ConvCpltCallback	0	static
stm32f1xx_hal_adc.c:2317:6:ADC_DMAConvCplt	8	static
stm32f1xx_hal_adc.c:1915:13:HAL_ADC_ConvHalfCpltCallback	0	static
stm32f1xx_hal_adc.c:2364:6:ADC_DMAHalfConvCplt	8	static
stm32f1xx_hal_adc.c:1929:13:HAL_ADC_LevelOutOfWindowCallback	0	static
stm32f1xx_hal_adc.c:1774:6:HAL_ADC_IRQHandler	8	static
stm32f1xx_hal_adc.c:1944:13:HAL_ADC_ErrorCallback	0	static
stm32f1xx_hal_adc.c:2382:6:ADC_DMAError	8	static
stm32f1xx_hal_adc.c:1992:19:HAL_ADC_ConfigChannel	24	static
stm32f1xx_hal_adc.c:2102:19:HAL_ADC_AnalogWDGConfig	16	static
stm32f1xx_hal_adc.c:2189:10:HAL_ADC_GetState	0	static
stm32f1xx_hal_adc.c:2200:10:HAL_ADC_GetError	0	static
stm32f1xx_hal_adc.c:2224:19:ADC_Enable	24	static
stm32f1xx_hal_adc.c:2279:19:ADC_ConversionStop_Disable	16	static
