stm32f1xx_hal_pcd.c:126:19:HAL_PCD_Init	64	static
stm32f1xx_hal_pcd.c:244:19:HAL_PCD_DeInit	16	static
stm32f1xx_hal_pcd.c:280:13:HAL_PCD_MspInit	16	static
stm32f1xx_hal_pcd.c:295:13:HAL_PCD_MspDeInit	16	static
stm32f1xx_hal_pcd.c:845:19:HAL_PCD_Start	16	static
stm32f1xx_hal_pcd.c:862:19:HAL_PCD_Stop	16	static
stm32f1xx_hal_pcd.c:1215:6:HAL_PCD_IRQHandler	16	static
stm32f1xx_hal_pcd.c:1309:13:HAL_PCD_DataOutStageCallback	16	static
stm32f1xx_hal_pcd.c:1326:13:HAL_PCD_DataInStageCallback	16	static
stm32f1xx_hal_pcd.c:1341:13:HAL_PCD_SetupStageCallback	16	static
stm32f1xx_hal_pcd.c:1356:13:HAL_PCD_SOFCallback	16	static
stm32f1xx_hal_pcd.c:1371:13:HAL_PCD_ResetCallback	16	static
stm32f1xx_hal_pcd.c:1386:13:HAL_PCD_SuspendCallback	16	static
stm32f1xx_hal_pcd.c:1401:13:HAL_PCD_ResumeCallback	16	static
stm32f1xx_hal_pcd.c:1417:13:HAL_PCD_ISOOUTIncompleteCallback	16	static
stm32f1xx_hal_pcd.c:1434:13:HAL_PCD_ISOINIncompleteCallback	16	static
stm32f1xx_hal_pcd.c:1450:13:HAL_PCD_ConnectCallback	16	static
stm32f1xx_hal_pcd.c:1465:13:HAL_PCD_DisconnectCallback	16	static
stm32f1xx_hal_pcd.c:1499:19:HAL_PCD_DevConnect	16	static
stm32f1xx_hal_pcd.c:1515:19:HAL_PCD_DevDisconnect	16	static
stm32f1xx_hal_pcd.c:1532:19:HAL_PCD_SetAddress	16	static
stm32f1xx_hal_pcd.c:1548:19:HAL_PCD_EP_Open	24	static
stm32f1xx_hal_pcd.c:1592:19:HAL_PCD_EP_Close	24	static
stm32f1xx_hal_pcd.c:1623:19:HAL_PCD_EP_Receive	32	static
stm32f1xx_hal_pcd.c:1654:10:HAL_PCD_EP_GetRxCount	16	static
stm32f1xx_hal_pcd.c:1666:19:HAL_PCD_EP_Transmit	32	static
stm32f1xx_hal_pcd.c:1697:19:HAL_PCD_EP_SetStall	24	static
stm32f1xx_hal_pcd.c:1738:19:HAL_PCD_EP_ClrStall	24	static
stm32f1xx_hal_pcd.c:1774:19:HAL_PCD_EP_Flush	16	static
stm32f1xx_hal_pcd.c:1797:19:HAL_PCD_ActivateRemoteWakeup	16	static
stm32f1xx_hal_pcd.c:1807:19:HAL_PCD_DeActivateRemoteWakeup	16	static
stm32f1xx_hal_pcd.c:1836:18:HAL_PCD_GetState	16	static
stm32f1xx_hal_pcd.c:1997:26:PCD_EP_ISR_Handler	48	static
